    1  groupadd students
    2  sudo groupadd students
    3  sudo useradd -u 1234 -m user1
    4  sudo usermod -aG students user1
    5  id user1
    6  sudo passwd user1
    7  sudo change -M 90 user1
    8  sudo chage -M 90 user1
    9  sudo chage -l user1
   10  sudo find / -type f -perm -4000 -ls 2>/dev/null | tee ~/setuid-files.out
   11  ps -eo pid,ruid,euid,user,ruser,comm,args | awk 'NR==1 || ($3 == 0 && $2 != 0)' | tee ~/privileged-processes.out
   12  ls -l /usr/bin/cat
   13  sudo -u user1 /usr/bin/cat /etc/shadow
   14  sudo cp /usr/bin/cat /home/user1/cat
   15  sudo chown user1:user1 /home/user1/cat
   16  ls -l /home/user1/cat
   17  sudo chmod u+s /home/user1/cat
   18  ls -l /home/user1/cat
   19  sudo -u user1 /home/user1/cat /etc/shadow
   20  sudo chown root:root /home/user1/cat
   21  sudo chmod u+s /home/user1/cat
   22  sudo -u user1 /home/user1/cat /etc/shadow
   23  sudo stat /home/user1 > ~/stat.out
   24  sudo stat /home/user1/cat >> ~/stat.out
   25  sudo -u user1 touch /home/user1/testfile
   26  ls -l /home/user1/testfile
   27  sudo -u user1 /usr/bin/chown root:root /home/user1/testfile
   28  sudo cp /usr/bin/chown /home/user1/chown
   29  sudo chown user1:user1 /home/user1/chown
   30  sudo setcap cap_chown+ep /home/user1/chown
   31  getcap /home/user1/chown
   32  sudo getcap /home/user1/chown
   33  ls -l /home/user1/testfile
   34  sudo -u user1 /home/user1/chown root:root /home/user1/testfile
   35  ls -l /home/user1/testfile
   36  sudo -u user1 ls -l /home/user1/testfile
   37  sudo getcap /home/user1/chown > ~/getcap.out
   38  cat ~/getcap.out
   39  sudo stat /home/user1/chown >> ~/stat.out
   40  command -v timedatectl
   41  sudo visudo -f /etc/sudoers.d/user1-time
   42  sudo visudo -cf /etc/sudoers.d/user1-time
   43  date
   44  sudo -u user1 sudo /usr/bin/timedatectl set-time "2026-10-08 18:00:00"
   45  timedatectl status
   46  sudo timedatectl set-ntp false
   47  sudo systemctl stop chronyd
   48  timedatectl status
   49  sudo systemctl stop chronyd
   50  sudo -u user1 sudo /usr/bin/timedatectl set-time "2026-10-08 18:00:00"
   51  date
   52  sudo cp /etc/passwd ~/passwd.out
   53  sudo cp /etc/group ~/group-full.out
   54  sudo cp /etc/sudoers ~/sudoers.out
   55  sudo cp /etc/shadow ~/shadow.out
   56  history > ~/history.out
