 12109075      0 -rwsr-xr-x   1 root     root        52936 Jan 16  2026 /run/rootfsbase/usr/bin/at
 12112466      0 -rwsr-xr-x   1 root     root        74536 Jan 27  2026 /run/rootfsbase/usr/bin/chage
 12112507      0 -rws--x--x   1 root     root        28160 Jan 17  2026 /run/rootfsbase/usr/bin/chfn
 12112549      0 -rws--x--x   1 root     root        28088 Jan 17  2026 /run/rootfsbase/usr/bin/chsh
 12109443      0 -rwsr-xr-x   1 root     root        53288 Jan 16  2026 /run/rootfsbase/usr/bin/crontab
 12109923      0 -rwsr-xr-x   1 root     root        36384 Jan 16  2026 /run/rootfsbase/usr/bin/fusermount
 12109928      0 -rwsr-xr-x   1 root     root        32288 Jan 16  2026 /run/rootfsbase/usr/bin/fusermount-glusterfs
 12109931      0 -rwsr-xr-x   1 root     root        40472 Mar 19  2026 /run/rootfsbase/usr/bin/fusermount3
 12110298      0 -rwsr-xr-x   1 root     root        74032 Jan 27  2026 /run/rootfsbase/usr/bin/gpasswd
 12110461      0 -rwsr-xr-x   1 root     root        19632 Apr  8  2026 /run/rootfsbase/usr/bin/grub2-set-bootflag
 12113953      0 -rwsr-xr-x   1 root     root        48744 Jan 17  2026 /run/rootfsbase/usr/bin/mount
 12113979      0 -rwsr-xr-x   1 root     root       103144 Mar 14  2026 /run/rootfsbase/usr/bin/mount.nfs
 12114166      0 -rwsr-xr-x   1 root     root        42120 Jan 27  2026 /run/rootfsbase/usr/bin/newgrp
 12114637      0 -rwsr-xr-x   1 root     root        19792 Jan 23  2026 /run/rootfsbase/usr/bin/pam_timestamp_check
 12111470      0 -rwsr-xr-x   1 root     root        91424 Jan 27  2026 /run/rootfsbase/usr/bin/passwd
 12111578      0 -rwsr-xr-x   1 root     root        27992 Mar 27  2026 /run/rootfsbase/usr/bin/pkexec
 12117814      0 -rwsr-xr-x   1 root     root        57184 Jan 17  2026 /run/rootfsbase/usr/bin/su
 12117819      0 ---s--x--x   1 root     root       211080 Jan 17  2026 /run/rootfsbase/usr/bin/sudo
 12118607      0 -rwsr-xr-x   1 root     root        36360 Jan 17  2026 /run/rootfsbase/usr/bin/umount
 12118654      0 -rwsr-xr-x   1 root     root        28176 Jan 23  2026 /run/rootfsbase/usr/bin/unix_chkpwd
 12118758      0 -rws--x--x   1 root     root        44728 Jan 17  2026 /run/rootfsbase/usr/bin/userhelper
 12119003      0 -rwsr-xr-x   1 root     root        11624 Feb  2  2026 /run/rootfsbase/usr/bin/vmware-user-suid-wrapper
 19250079      0 -rwsr-xr-x   1 root     root        19880 Mar 27  2026 /run/rootfsbase/usr/lib/polkit-1/polkit-agent-helper-1
 32797932      0 -rwsr-x---   1 root     dbus        32248 Feb 18  2026 /run/rootfsbase/usr/libexec/dbus-1/dbus-daemon-launch-helper
 32797416      0 -rwsr-xr-x   1 root     root        19904 Jan 16  2026 /run/rootfsbase/usr/libexec/libgtop_server2
 32797673      0 -rwsr-xr-x   1 root     root       606168 Mar 23  2026 /run/rootfsbase/usr/libexec/qemu-bridge-helper
 33394598      0 -rwsr-xr-x   1 root     root        19880 Jan 17  2026 /run/rootfsbase/usr/libexec/spice-gtk-x86_64/spice-client-glib-usb-acl-helper
 12109075      0 -rwsr-xr-x   1 root     root        52936 Jan 16  2026 /usr/bin/at
 12112466      0 -rwsr-xr-x   1 root     root        74536 Jan 27  2026 /usr/bin/chage
 12112507      0 -rws--x--x   1 root     root        28160 Jan 17  2026 /usr/bin/chfn
 12112549      0 -rws--x--x   1 root     root        28088 Jan 17  2026 /usr/bin/chsh
 12109443      0 -rwsr-xr-x   1 root     root        53288 Jan 16  2026 /usr/bin/crontab
 12109923      0 -rwsr-xr-x   1 root     root        36384 Jan 16  2026 /usr/bin/fusermount
 12109928      0 -rwsr-xr-x   1 root     root        32288 Jan 16  2026 /usr/bin/fusermount-glusterfs
 12109931      0 -rwsr-xr-x   1 root     root        40472 Mar 19  2026 /usr/bin/fusermount3
 12110298      0 -rwsr-xr-x   1 root     root        74032 Jan 27  2026 /usr/bin/gpasswd
 12110461      0 -rwsr-xr-x   1 root     root        19632 Apr  8  2026 /usr/bin/grub2-set-bootflag
 12113953      0 -rwsr-xr-x   1 root     root        48744 Jan 17  2026 /usr/bin/mount
 12113979      0 -rwsr-xr-x   1 root     root       103144 Mar 14  2026 /usr/bin/mount.nfs
 12114166      0 -rwsr-xr-x   1 root     root        42120 Jan 27  2026 /usr/bin/newgrp
 12114637      0 -rwsr-xr-x   1 root     root        19792 Jan 23  2026 /usr/bin/pam_timestamp_check
 12111470      0 -rwsr-xr-x   1 root     root        91424 Jan 27  2026 /usr/bin/passwd
 12111578      0 -rwsr-xr-x   1 root     root        27992 Mar 27  2026 /usr/bin/pkexec
 12117814      0 -rwsr-xr-x   1 root     root        57184 Jan 17  2026 /usr/bin/su
 12117819      0 ---s--x--x   1 root     root       211080 Jan 17  2026 /usr/bin/sudo
 12118607      0 -rwsr-xr-x   1 root     root        36360 Jan 17  2026 /usr/bin/umount
 12118654      0 -rwsr-xr-x   1 root     root        28176 Jan 23  2026 /usr/bin/unix_chkpwd
 12118758      0 -rws--x--x   1 root     root        44728 Jan 17  2026 /usr/bin/userhelper
 12119003      0 -rwsr-xr-x   1 root     root        11624 Feb  2  2026 /usr/bin/vmware-user-suid-wrapper
 19250079      0 -rwsr-xr-x   1 root     root        19880 Mar 27  2026 /usr/lib/polkit-1/polkit-agent-helper-1
 32797932      0 -rwsr-x---   1 root     dbus        32248 Feb 18  2026 /usr/libexec/dbus-1/dbus-daemon-launch-helper
 32797416      0 -rwsr-xr-x   1 root     root        19904 Jan 16  2026 /usr/libexec/libgtop_server2
 32797673      0 -rwsr-xr-x   1 root     root       606168 Mar 23  2026 /usr/libexec/qemu-bridge-helper
 33394598      0 -rwsr-xr-x   1 root     root        19880 Jan 17  2026 /usr/libexec/spice-gtk-x86_64/spice-client-glib-usb-acl-helper
